[2026-05-15 18:29:17.725] [INFO] CrashHandler initialized, crash directory: "D:/github/work/PetApp/logs/crash" (D:\github\work\PetApp\src\core\CrashHandler.cpp:103)
[2026-05-15 18:32:07.546] [INFO] CrashHandler initialized, crash directory: "D:/github/work/PetApp/logs/crash" (D:\github\work\PetApp\src\core\CrashHandler.cpp:103)
[2026-05-15 18:32:25.522] [WARN] QObject::killTimer: Timers cannot be stopped from another thread (C:\Users\qt\work\qt\qtbase\src\corelib\kernel\qobject.cpp:1923)
[2026-05-15 18:32:25.522] [WARN] QObject::~QObject: Timers cannot be stopped from another thread (C:\Users\qt\work\qt\qtbase\src\corelib\kernel\qobject.cpp:197)
[2026-05-16 10:54:09.605] [INFO] CrashHandler initialized, crash directory: "D:/github/work/PetApp/logs/crash" (D:\github\work\PetApp\src\core\CrashHandler.cpp:103)
[2026-05-16 10:54:19.056] [WARN] QObject::killTimer: Timers cannot be stopped from another thread (C:\Users\qt\work\qt\qtbase\src\corelib\kernel\qobject.cpp:1923)
[2026-05-16 10:54:19.057] [WARN] QObject::~QObject: Timers cannot be stopped from another thread (C:\Users\qt\work\qt\qtbase\src\corelib\kernel\qobject.cpp:197)
[2026-05-16 10:56:13.535] [INFO] CrashHandler initialized, crash directory: "D:/github/work/PetApp/logs/crash" (D:\github\work\PetApp\src\core\CrashHandler.cpp:103)
[2026-05-16 10:56:21.283] [WARN] QObject::killTimer: Timers cannot be stopped from another thread (C:\Users\qt\work\qt\qtbase\src\corelib\kernel\qobject.cpp:1923)
[2026-05-16 10:56:21.283] [WARN] QObject::~QObject: Timers cannot be stopped from another thread (C:\Users\qt\work\qt\qtbase\src\corelib\kernel\qobject.cpp:197)
[2026-05-16 10:57:37.300] [INFO] CrashHandler initialized, crash directory: "D:/github/work/PetApp/logs/crash" (D:\github\work\PetApp\src\core\CrashHandler.cpp:103)
[2026-05-16 10:58:37.674] [INFO] CrashHandler initialized, crash directory: "D:/github/work/PetApp/logs/crash" (D:\github\work\PetApp\src\core\CrashHandler.cpp:103)
[2026-05-16 10:58:47.054] [WARN] QObject::killTimer: Timers cannot be stopped from another thread (C:\Users\qt\work\qt\qtbase\src\corelib\kernel\qobject.cpp:1923)
[2026-05-16 10:58:47.054] [WARN] QObject::~QObject: Timers cannot be stopped from another thread (C:\Users\qt\work\qt\qtbase\src\corelib\kernel\qobject.cpp:197)
[2026-05-16 11:09:44.062] [INFO] CrashHandler initialized, crash directory: "D:/github/work/PetApp/logs/crash" (D:\github\work\PetApp\src\core\CrashHandler.cpp:103)
[2026-05-16 11:10:06.498] [WARN] QObject::killTimer: Timers cannot be stopped from another thread (C:\Users\qt\work\qt\qtbase\src\corelib\kernel\qobject.cpp:1923)
[2026-05-16 11:10:06.498] [WARN] QObject::~QObject: Timers cannot be stopped from another thread (C:\Users\qt\work\qt\qtbase\src\corelib\kernel\qobject.cpp:197)
[2026-05-16 13:27:23.126] [INFO] CrashHandler initialized, crash directory: "D:/github/work/PetApp/logs/crash" (D:\github\work\PetApp\src\core\CrashHandler.cpp:103)
[2026-05-16 13:30:52.974] [INFO] CrashHandler initialized, crash directory: "D:/github/work/PetApp/logs/crash" (D:\github\work\PetApp\src\core\CrashHandler.cpp:103)
[2026-05-16 13:31:12.529] [WARN] QObject::killTimer: Timers cannot be stopped from another thread (C:\Users\qt\work\qt\qtbase\src\corelib\kernel\qobject.cpp:1923)
[2026-05-16 13:31:12.530] [WARN] QObject::~QObject: Timers cannot be stopped from another thread (C:\Users\qt\work\qt\qtbase\src\corelib\kernel\qobject.cpp:197)
[2026-05-16 13:31:31.937] [INFO] CrashHandler initialized, crash directory: "D:/github/work/PetApp/logs/crash" (D:\github\work\PetApp\src\core\CrashHandler.cpp:103)
[2026-05-16 13:35:06.900] [INFO] CrashHandler initialized, crash directory: "D:/github/work/PetApp/logs/crash" (D:\github\work\PetApp\src\core\CrashHandler.cpp:103)
[2026-05-16 13:40:19.423] [INFO] CrashHandler initialized, crash directory: "D:/github/work/PetApp/logs/crash" (D:\github\work\PetApp\src\core\CrashHandler.cpp:103)
[2026-05-16 13:44:55.564] [INFO] CrashHandler initialized, crash directory: "D:/github/work/PetApp/logs/crash" (D:\github\work\PetApp\src\core\CrashHandler.cpp:103)
[2026-05-16 13:45:23.937] [WARN] QWindowsWindow::setGeometry: Unable to set geometry 120x30+849+485 (frame: 136x69+841+454) on QWidgetWindow/"QInputDialogClassWindow" on "H27T13". Resulting geometry: 178x93+849+485 (frame: 194x132+841+454) margins: 8, 31, 8, 8 minimum size: 178x93 maximum size: 524287x93 MINMAXINFO(maxSize=POINT(x=0, y=0), maxpos=POINT(x=0, y=0), maxtrack=POINT(x=524303, y=132), mintrack=POINT(x=194, y=132))) (C:\Users\qt\work\qt\qtbase\src\plugins\platforms\windows\qwindowswindow.cpp:2191)
[2026-05-16 13:45:26.813] [WARN] QWindowsWindow::setGeometry: Unable to set geometry 120x30+849+485 (frame: 136x69+841+454) on QWidgetWindow/"QInputDialogClassWindow" on "H27T13". Resulting geometry: 178x93+849+485 (frame: 194x132+841+454) margins: 8, 31, 8, 8 minimum size: 178x93 maximum size: 524287x93 MINMAXINFO(maxSize=POINT(x=0, y=0), maxpos=POINT(x=0, y=0), maxtrack=POINT(x=524303, y=132), mintrack=POINT(x=194, y=132))) (C:\Users\qt\work\qt\qtbase\src\plugins\platforms\windows\qwindowswindow.cpp:2191)
[2026-05-16 14:11:12.555] [INFO] CrashHandler initialized, crash directory: "D:/github/work/PetApp/logs/crash" (D:\github\work\PetApp\src\core\CrashHandler.cpp:103)
[2026-05-16 14:11:28.764] [WARN] QWindowsWindow::setGeometry: Unable to set geometry 120x30+808+507 (frame: 136x69+800+476) on QWidgetWindow/"QInputDialogClassWindow" on "H27T13". Resulting geometry: 178x93+808+507 (frame: 194x132+800+476) margins: 8, 31, 8, 8 minimum size: 178x93 maximum size: 524287x93 MINMAXINFO(maxSize=POINT(x=0, y=0), maxpos=POINT(x=0, y=0), maxtrack=POINT(x=524303, y=132), mintrack=POINT(x=194, y=132))) (C:\Users\qt\work\qt\qtbase\src\plugins\platforms\windows\qwindowswindow.cpp:2191)
[2026-05-16 14:11:45.852] [WARN] QObject::killTimer: Timers cannot be stopped from another thread (C:\Users\qt\work\qt\qtbase\src\corelib\kernel\qobject.cpp:1923)
[2026-05-16 14:11:45.852] [WARN] QObject::~QObject: Timers cannot be stopped from another thread (C:\Users\qt\work\qt\qtbase\src\corelib\kernel\qobject.cpp:197)
[2026-05-16 14:43:01.802] [INFO] CrashHandler initialized, crash directory: "D:/github/work/PetApp/logs/crash" (D:\github\work\PetApp\src\core\CrashHandler.cpp:103)
[2026-05-18 09:45:08.315] [INFO] CrashHandler initialized, crash directory: "D:/github/work/PetApp/logs/crash" (D:\github\work\PetApp\src\core\CrashHandler.cpp:103)
[2026-05-18 09:45:10.896] [WARN] QObject::killTimer: Timers cannot be stopped from another thread (C:\Users\qt\work\qt\qtbase\src\corelib\kernel\qobject.cpp:1923)
[2026-05-18 09:45:10.896] [WARN] QObject::~QObject: Timers cannot be stopped from another thread (C:\Users\qt\work\qt\qtbase\src\corelib\kernel\qobject.cpp:197)
[2026-05-18 09:45:27.153] [INFO] CrashHandler initialized, crash directory: "D:/github/work/PetApp/logs/crash" (D:\github\work\PetApp\src\core\CrashHandler.cpp:103)
[2026-05-18 09:45:28.915] [WARN] QObject::killTimer: Timers cannot be stopped from another thread (C:\Users\qt\work\qt\qtbase\src\corelib\kernel\qobject.cpp:1923)
[2026-05-18 09:45:28.915] [WARN] QObject::~QObject: Timers cannot be stopped from another thread (C:\Users\qt\work\qt\qtbase\src\corelib\kernel\qobject.cpp:197)
[2026-05-18 11:13:15.232] [INFO] CrashHandler initialized, crash directory: "D:/github/work/PetApp/logs/crash" (D:\github\work\PetApp\src\core\CrashHandler.cpp:103)
[2026-05-18 11:25:28.074] [INFO] CrashHandler initialized, crash directory: "D:/github/work/PetApp/logs/crash" (D:\github\work\PetApp\src\core\CrashHandler.cpp:103)
[2026-05-18 11:26:09.025] [WARN] QObject::killTimer: Timers cannot be stopped from another thread (C:\Users\qt\work\qt\qtbase\src\corelib\kernel\qobject.cpp:1923)
[2026-05-18 11:26:09.026] [WARN] QObject::~QObject: Timers cannot be stopped from another thread (C:\Users\qt\work\qt\qtbase\src\corelib\kernel\qobject.cpp:197)
[2026-05-18 11:32:24.728] [INFO] CrashHandler initialized, crash directory: "D:/github/work/PetApp/logs/crash" (D:\github\work\PetApp\src\core\CrashHandler.cpp:103)
[2026-05-18 13:07:58.537] [INFO] CrashHandler initialized, crash directory: "D:/github/work/PetApp/logs/crash" (D:\github\work\PetApp\src\core\CrashHandler.cpp:103)
[2026-05-18 13:08:01.314] [INFO] CrashHandler initialized, crash directory: "D:/github/work/PetApp/logs/crash" (D:\github\work\PetApp\src\core\CrashHandler.cpp:103)
[2026-05-18 13:08:25.428] [WARN] QWindowsWindow::setGeometry: Unable to set geometry 400x30+1510+749 (frame: 416x69+1502+718) on QWidgetWindow/"petapp::ui::SettingsDialogClassWindow" on "H27T13". Resulting geometry: 400x282+1510+749 (frame: 416x321+1502+718) margins: 8, 31, 8, 8 minimum size: 400x282 MINMAXINFO(maxSize=POINT(x=0, y=0), maxpos=POINT(x=0, y=0), maxtrack=POINT(x=0, y=0), mintrack=POINT(x=416, y=321))) (C:\Users\qt\work\qt\qtbase\src\plugins\platforms\windows\qwindowswindow.cpp:2191)
[2026-05-18 13:28:27.742] [INFO] CrashHandler initialized, crash directory: "D:/github/work/PetApp/logs/crash" (D:\github\work\PetApp\src\core\CrashHandler.cpp:103)
[2026-05-18 13:32:20.401] [WARN] QWindowsWindow::setGeometry: Unable to set geometry 120x30+1560+668 (frame: 136x69+1552+637) on QWidgetWindow/"QInputDialogClassWindow" on "H27T13". Resulting geometry: 178x93+1560+668 (frame: 194x132+1552+637) margins: 8, 31, 8, 8 minimum size: 178x93 maximum size: 524287x93 MINMAXINFO(maxSize=POINT(x=0, y=0), maxpos=POINT(x=0, y=0), maxtrack=POINT(x=524303, y=132), mintrack=POINT(x=194, y=132))) (C:\Users\qt\work\qt\qtbase\src\plugins\platforms\windows\qwindowswindow.cpp:2191)
[2026-05-18 13:54:41.664] [INFO] CrashHandler initialized, crash directory: "D:/github/work/PetApp/logs/crash" (D:\github\work\PetApp\src\core\CrashHandler.cpp:103)
[2026-05-18 13:58:30.406] [INFO] CrashHandler initialized, crash directory: "D:/github/work/PetApp/logs/crash" (D:\github\work\PetApp\src\core\CrashHandler.cpp:103)
[2026-05-18 13:58:32.497] [INFO] CrashHandler initialized, crash directory: "D:/github/work/PetApp/logs/crash" (D:\github\work\PetApp\src\core\CrashHandler.cpp:103)
[2026-05-18 13:58:45.651] [WARN] QWindowsWindow::setGeometry: Unable to set geometry 420x30+1382+327 (frame: 436x69+1374+296) on QWidgetWindow/"petapp::ui::SettingsDialogClassWindow" on "H27T13". Resulting geometry: 420x410+1382+327 (frame: 436x449+1374+296) margins: 8, 31, 8, 8 minimum size: 420x410 MINMAXINFO(maxSize=POINT(x=0, y=0), maxpos=POINT(x=0, y=0), maxtrack=POINT(x=0, y=0), mintrack=POINT(x=436, y=449))) (C:\Users\qt\work\qt\qtbase\src\plugins\platforms\windows\qwindowswindow.cpp:2191)
[2026-05-18 13:58:55.842] [WARN] QWindowsWindow::setGeometry: Unable to set geometry 420x30+1490+549 (frame: 436x69+1482+518) on QWidgetWindow/"petapp::ui::SettingsDialogClassWindow" on "H27T13". Resulting geometry: 420x410+1490+549 (frame: 436x449+1482+518) margins: 8, 31, 8, 8 minimum size: 420x410 MINMAXINFO(maxSize=POINT(x=0, y=0), maxpos=POINT(x=0, y=0), maxtrack=POINT(x=0, y=0), mintrack=POINT(x=436, y=449))) (C:\Users\qt\work\qt\qtbase\src\plugins\platforms\windows\qwindowswindow.cpp:2191)
[2026-05-18 13:59:37.884] [WARN] QWindowsWindow::setGeometry: Unable to set geometry 120x30+1710+978 (frame: 136x69+1702+947) on QWidgetWindow/"QInputDialogClassWindow" on "H27T13". Resulting geometry: 178x93+1710+978 (frame: 194x132+1702+947) margins: 8, 31, 8, 8 minimum size: 178x93 maximum size: 524287x93 MINMAXINFO(maxSize=POINT(x=0, y=0), maxpos=POINT(x=0, y=0), maxtrack=POINT(x=524303, y=132), mintrack=POINT(x=194, y=132))) (C:\Users\qt\work\qt\qtbase\src\plugins\platforms\windows\qwindowswindow.cpp:2191)
[2026-05-19 16:24:40.004] [INFO] CrashHandler initialized, crash directory: "D:/github/work/PetApp/logs/crash" (D:\github\work\PetApp\src\core\CrashHandler.cpp:103)
[2026-05-19 16:24:52.773] [WARN] QWindowsWindow::setGeometry: Unable to set geometry 420x30+155+286 (frame: 436x69+147+255) on QWidgetWindow/"petapp::ui::SettingsDialogClassWindow" on "H27T13". Resulting geometry: 420x410+155+286 (frame: 436x449+147+255) margins: 8, 31, 8, 8 minimum size: 420x410 MINMAXINFO(maxSize=POINT(x=0, y=0), maxpos=POINT(x=0, y=0), maxtrack=POINT(x=0, y=0), mintrack=POINT(x=436, y=449))) (C:\Users\qt\work\qt\qtbase\src\plugins\platforms\windows\qwindowswindow.cpp:2191)
